[cmasterspin.com/rewards/spins/1000/index.html]
[backblue.gif]
[fade.gif]
[index.html]
[cmasterspin.com/rewards/ajax.googleapis.com/ajax/libs/jquery/1.7.2/jquery.min.js]
[cmasterspin.com/rewards/i.imgur.com/QD4PJUI.jpg]
[cmasterspin.com/rewards/i.imgur.com/7hvkdJO.png]
[cmasterspin.com/rewards/www.amperordirect.com/mm5/website_v3/images/flags/fr.png]
[cmasterspin.com/rewards/www.amperordirect.com/mm5/website_v3/images/flags/gb.png]
[cmasterspin.com/rewards/www.amperordirect.com/mm5/website_v3/images/flags/nl.png]
[cmasterspin.com/rewards/www.amperordirect.com/mm5/website_v3/images/flags/jp.png]
[cmasterspin.com/rewards/spins/1000/=.html]
[cmasterspin.com/rewards/i.imgur.com/bi3zJAQ.png]
[cmasterspin.com/rewards/3.bp.blogspot.com/-ipMT6chXYk4/U_Q1sdLmlYI/AAAAAAAAAUQ/AwV2Y9hjV_s/s1600/eyesPointingDown.gif]
[cmasterspin.com/rewards/i.imgur.com/N2hPCmU.png]
[cmasterspin.com/rewards/i.imgur.com/IifNcyO.png]
[cmasterspin.com/rewards/i.imgur.com/1LXCSfQ.jpg]
[cmasterspin.com/rewards/i.imgur.com/Pq8jMDV.jpg]
[cmasterspin.com/rewards/i.imgur.com/pafa1ow.jpg]
[cmasterspin.com/rewards/i.imgur.com/NirrO63.jpg]
[cmasterspin.com/rewards/i.imgur.com/NUdYHtR.jpg]
[cmasterspin.com/rewards/i.imgur.com/Cw0E8ZR.png]
[cmasterspin.com/rewards/i.imgur.com/PNLtImc.jpg]
[cmasterspin.com/rewards/i.imgur.com/aTo1yVP.jpg]
[cmasterspin.com/rewards/spins/1000/index.html]
[cmasterspin.com/rewards/netdna.bootstrapcdn.com/bootstrap/3.0.0-rc1/css/bootstrap.min.css]
[cmasterspin.com/rewards/spins/1000/=.html]
[cpabuild.com/public/external/locker.js]
